// Jest Snapshot v1, https://goo.gl/fbAQLP

exports[`Add order form component should render form 1`] = `
<div>
  <FormErrors
    formErrors={
      Object {
        "parameters": "",
        "positiveNumber": "",
        "stringCheck": "",
        "typeCheck": "",
      }
    }
  />
  <form
    onSubmit={[Function]}
  >
    <label
      htmlFor="userId"
    >
      User id: 
    </label>
    <input
      autoFocus={true}
      name="userId"
      onChange={[Function]}
      placeholder="UserId"
      type="text"
      value=""
    />
    <label
      htmlFor="price"
    >
       Price (£/kg): 
    </label>
    <input
      name="price"
      onChange={[Function]}
      placeholder="Price £/kg"
      type="text"
      value=""
    />
    <label
      htmlFor="quantity"
    >
       Quantity (kg): 
    </label>
    <input
      name="quantity"
      onChange={[Function]}
      placeholder="Quantity (kg)"
      type="text"
      value=""
    />
    <select
      name="type"
      onChange={[Function]}
      value="BUY"
    >
      <option
        value="BUY"
      >
        BUY
      </option>
      <option
        value="SELL"
      >
        SELL
      </option>
    </select>
    <button
      className="button"
    >
      Place Order
    </button>
  </form>
</div>
`;

exports[`Add order form component should render form correctly with order 1`] = `
<div>
  <FormErrors
    formErrors={
      Object {
        "parameters": "",
        "positiveNumber": "",
        "stringCheck": "",
        "typeCheck": "",
      }
    }
  />
  <form
    onSubmit={[Function]}
  >
    <label
      htmlFor="userId"
    >
      User id: 
    </label>
    <input
      autoFocus={true}
      name="userId"
      onChange={[Function]}
      placeholder="UserId"
      type="text"
      value=""
    />
    <label
      htmlFor="price"
    >
       Price (£/kg): 
    </label>
    <input
      name="price"
      onChange={[Function]}
      placeholder="Price £/kg"
      type="text"
      value=""
    />
    <label
      htmlFor="quantity"
    >
       Quantity (kg): 
    </label>
    <input
      name="quantity"
      onChange={[Function]}
      placeholder="Quantity (kg)"
      type="text"
      value=""
    />
    <select
      name="type"
      onChange={[Function]}
      value="BUY"
    >
      <option
        value="BUY"
      >
        BUY
      </option>
      <option
        value="SELL"
      >
        SELL
      </option>
    </select>
    <button
      className="button"
    >
      Place Order
    </button>
  </form>
</div>
`;
