// Jest Snapshot v1, https://goo.gl/fbAQLP

exports[`Dashboard component should render Dashboard correctly 1`] = `
<div>
  <Header
    subtitle="Live order board"
    title="SilverBars Marketplace"
  />
  <p>
    Combined Sells
  </p>
  <CombinedOrders
    orders={Array []}
  />
  <br />
  <p>
    Combined Buys
  </p>
  <CombinedOrders
    orders={Array []}
  />
  <AddOrderForm
    onSubmit={[Function]}
  />
</div>
`;
